
> scholarship-portal@0.1.0 start
> react-scripts start

Starting the development server...

Compiled with warnings.

[eslint] 
src\components\DocumentUpload\DocumentUpload.js
  Line 66:7:    'PROMPTS' is assigned a value but never used         no-unused-vars
  Line 102:10:  'maskText' is defined but never used                 no-unused-vars
  Line 109:29:  Unnecessary escape character: \-                     no-useless-escape
  Line 109:45:  Unnecessary escape character: \-                     no-useless-escape
  Line 302:10:  'safeScale' is defined but never used                no-unused-vars
  Line 380:10:  'hasCorrections' is assigned a value but never used  no-unused-vars

src\components\LocalAI\sgpBrain.js
  Line 1192:41:  'gender' is assigned a value but never used  no-unused-vars
  Line 1548:7:   'response' is constant                       no-const-assign

src\components\LocalAI\sgpDocAI.js
  Line 93:18:    Unnecessary escape character: \-  no-useless-escape
  Line 93:38:    Unnecessary escape character: \.  no-useless-escape
  Line 94:33:    Unnecessary escape character: \-  no-useless-escape
  Line 94:53:    Unnecessary escape character: \.  no-useless-escape
  Line 95:95:    Unnecessary escape character: \.  no-useless-escape
  Line 96:86:    Unnecessary escape character: \.  no-useless-escape
  Line 101:32:   Unnecessary escape character: \-  no-useless-escape
  Line 101:52:   Unnecessary escape character: \.  no-useless-escape
  Line 102:53:   Unnecessary escape character: \.  no-useless-escape
  Line 103:20:   Unnecessary escape character: \-  no-useless-escape
  Line 103:39:   Unnecessary escape character: \.  no-useless-escape
  Line 106:32:   Unnecessary escape character: \-  no-useless-escape
  Line 106:52:   Unnecessary escape character: \.  no-useless-escape
  Line 107:20:   Unnecessary escape character: \-  no-useless-escape
  Line 107:39:   Unnecessary escape character: \.  no-useless-escape
  Line 112:48:   Unnecessary escape character: \-  no-useless-escape
  Line 112:64:   Unnecessary escape character: \-  no-useless-escape
  Line 112:66:   Unnecessary escape character: \/  no-useless-escape
  Line 112:68:   Unnecessary escape character: \.  no-useless-escape
  Line 112:79:   Unnecessary escape character: \-  no-useless-escape
  Line 112:81:   Unnecessary escape character: \/  no-useless-escape
  Line 112:83:   Unnecessary escape character: \.  no-useless-escape
  Line 113:32:   Unnecessary escape character: \-  no-useless-escape
  Line 113:46:   Unnecessary escape character: \-  no-useless-escape
  Line 113:48:   Unnecessary escape character: \/  no-useless-escape
  Line 113:50:   Unnecessary escape character: \.  no-useless-escape
  Line 113:61:   Unnecessary escape character: \-  no-useless-escape
  Line 113:63:   Unnecessary escape character: \/  no-useless-escape
  Line 113:65:   Unnecessary escape character: \.  no-useless-escape
  Line 114:30:   Unnecessary escape character: \/  no-useless-escape
  Line 114:34:   Unnecessary escape character: \.  no-useless-escape
  Line 114:53:   Unnecessary escape character: \/  no-useless-escape
  Line 114:57:   Unnecessary escape character: \.  no-useless-escape
  Line 125:20:   Unnecessary escape character: \-  no-useless-escape
  Line 125:43:   Unnecessary escape character: \.  no-useless-escape
  Line 125:45:   Unnecessary escape character: \,  no-useless-escape
  Line 125:47:   Unnecessary escape character: \-  no-useless-escape
  Line 126:61:   Unnecessary escape character: \-  no-useless-escape
  Line 126:84:   Unnecessary escape character: \.  no-useless-escape
  Line 126:86:   Unnecessary escape character: \,  no-useless-escape
  Line 132:34:   Unnecessary escape character: \-  no-useless-escape
  Line 149:65:   Unnecessary escape character: \-  no-useless-escape
  Line 150:26:   Unnecessary escape character: \-  no-useless-escape
  Line 155:23:   Unnecessary escape character: \-  no-useless-escape
  Line 155:46:   Unnecessary escape character: \-  no-useless-escape
  Line 156:19:   Unnecessary escape character: \-  no-useless-escape
  Line 156:42:   Unnecessary escape character: \-  no-useless-escape
  Line 166:62:   Unnecessary escape character: \-  no-useless-escape
  Line 168:45:   Unnecessary escape character: \-  no-useless-escape
  Line 173:43:   Unnecessary escape character: \-  no-useless-escape
  Line 173:59:   Unnecessary escape character: \/  no-useless-escape
  Line 173:61:   Unnecessary escape character: \-  no-useless-escape
  Line 174:47:   Unnecessary escape character: \-  no-useless-escape
  Line 174:63:   Unnecessary escape character: \/  no-useless-escape
  Line 174:65:   Unnecessary escape character: \-  no-useless-escape
  Line 175:36:   Unnecessary escape character: \-  no-useless-escape
  Line 175:52:   Unnecessary escape character: \/  no-useless-escape
  Line 175:54:   Unnecessary escape character: \-  no-useless-escape
  Line 180:49:   Unnecessary escape character: \-  no-useless-escape
  Line 180:65:   Unnecessary escape character: \-  no-useless-escape
  Line 180:67:   Unnecessary escape character: \/  no-useless-escape
  Line 180:69:   Unnecessary escape character: \.  no-useless-escape
  Line 180:80:   Unnecessary escape character: \-  no-useless-escape
  Line 180:82:   Unnecessary escape character: \/  no-useless-escape
  Line 180:84:   Unnecessary escape character: \.  no-useless-escape
  Line 181:19:   Unnecessary escape character: \-  no-useless-escape
  Line 181:35:   Unnecessary escape character: \-  no-useless-escape
  Line 181:37:   Unnecessary escape character: \/  no-useless-escape
  Line 181:39:   Unnecessary escape character: \.  no-useless-escape
  Line 181:50:   Unnecessary escape character: \-  no-useless-escape
  Line 181:52:   Unnecessary escape character: \/  no-useless-escape
  Line 181:54:   Unnecessary escape character: \.  no-useless-escape
  Line 184:68:   Unnecessary escape character: \-  no-useless-escape
  Line 184:84:   Unnecessary escape character: \-  no-useless-escape
  Line 184:86:   Unnecessary escape character: \/  no-useless-escape
  Line 184:88:   Unnecessary escape character: \.  no-useless-escape
  Line 184:99:   Unnecessary escape character: \-  no-useless-escape
  Line 184:101:  Unnecessary escape character: \/  no-useless-escape
  Line 184:103:  Unnecessary escape character: \.  no-useless-escape
  Line 189:27:   Unnecessary escape character: \-  no-useless-escape
  Line 192:28:   Unnecessary escape character: \-  no-useless-escape
  Line 195:20:   Unnecessary escape character: \-  no-useless-escape
  Line 374:31:   Unnecessary escape character: \-  no-useless-escape
  Line 384:31:   Unnecessary escape character: \/  no-useless-escape
  Line 384:33:   Unnecessary escape character: \.  no-useless-escape

src\components\ScholarshipChat\ScholarshipChat.js
  Line 95:10:  'unread' is assigned a value but never used  no-unused-vars

Search for the keywords to learn more about each warning.
To ignore, add // eslint-disable-next-line to the line before.

WARNING in [eslint] 
src\components\DocumentUpload\DocumentUpload.js
  Line 66:7:    'PROMPTS' is assigned a value but never used         no-unused-vars
  Line 102:10:  'maskText' is defined but never used                 no-unused-vars
  Line 109:29:  Unnecessary escape character: \-                     no-useless-escape
  Line 109:45:  Unnecessary escape character: \-                     no-useless-escape
  Line 302:10:  'safeScale' is defined but never used                no-unused-vars
  Line 380:10:  'hasCorrections' is assigned a value but never used  no-unused-vars

src\components\LocalAI\sgpBrain.js
  Line 1192:41:  'gender' is assigned a value but never used  no-unused-vars
  Line 1548:7:   'response' is constant                       no-const-assign

src\components\LocalAI\sgpDocAI.js
  Line 93:18:    Unnecessary escape character: \-  no-useless-escape
  Line 93:38:    Unnecessary escape character: \.  no-useless-escape
  Line 94:33:    Unnecessary escape character: \-  no-useless-escape
  Line 94:53:    Unnecessary escape character: \.  no-useless-escape
  Line 95:95:    Unnecessary escape character: \.  no-useless-escape
  Line 96:86:    Unnecessary escape character: \.  no-useless-escape
  Line 101:32:   Unnecessary escape character: \-  no-useless-escape
  Line 101:52:   Unnecessary escape character: \.  no-useless-escape
  Line 102:53:   Unnecessary escape character: \.  no-useless-escape
  Line 103:20:   Unnecessary escape character: \-  no-useless-escape
  Line 103:39:   Unnecessary escape character: \.  no-useless-escape
  Line 106:32:   Unnecessary escape character: \-  no-useless-escape
  Line 106:52:   Unnecessary escape character: \.  no-useless-escape
  Line 107:20:   Unnecessary escape character: \-  no-useless-escape
  Line 107:39:   Unnecessary escape character: \.  no-useless-escape
  Line 112:48:   Unnecessary escape character: \-  no-useless-escape
  Line 112:64:   Unnecessary escape character: \-  no-useless-escape
  Line 112:66:   Unnecessary escape character: \/  no-useless-escape
  Line 112:68:   Unnecessary escape character: \.  no-useless-escape
  Line 112:79:   Unnecessary escape character: \-  no-useless-escape
  Line 112:81:   Unnecessary escape character: \/  no-useless-escape
  Line 112:83:   Unnecessary escape character: \.  no-useless-escape
  Line 113:32:   Unnecessary escape character: \-  no-useless-escape
  Line 113:46:   Unnecessary escape character: \-  no-useless-escape
  Line 113:48:   Unnecessary escape character: \/  no-useless-escape
  Line 113:50:   Unnecessary escape character: \.  no-useless-escape
  Line 113:61:   Unnecessary escape character: \-  no-useless-escape
  Line 113:63:   Unnecessary escape character: \/  no-useless-escape
  Line 113:65:   Unnecessary escape character: \.  no-useless-escape
  Line 114:30:   Unnecessary escape character: \/  no-useless-escape
  Line 114:34:   Unnecessary escape character: \.  no-useless-escape
  Line 114:53:   Unnecessary escape character: \/  no-useless-escape
  Line 114:57:   Unnecessary escape character: \.  no-useless-escape
  Line 125:20:   Unnecessary escape character: \-  no-useless-escape
  Line 125:43:   Unnecessary escape character: \.  no-useless-escape
  Line 125:45:   Unnecessary escape character: \,  no-useless-escape
  Line 125:47:   Unnecessary escape character: \-  no-useless-escape
  Line 126:61:   Unnecessary escape character: \-  no-useless-escape
  Line 126:84:   Unnecessary escape character: \.  no-useless-escape
  Line 126:86:   Unnecessary escape character: \,  no-useless-escape
  Line 132:34:   Unnecessary escape character: \-  no-useless-escape
  Line 149:65:   Unnecessary escape character: \-  no-useless-escape
  Line 150:26:   Unnecessary escape character: \-  no-useless-escape
  Line 155:23:   Unnecessary escape character: \-  no-useless-escape
  Line 155:46:   Unnecessary escape character: \-  no-useless-escape
  Line 156:19:   Unnecessary escape character: \-  no-useless-escape
  Line 156:42:   Unnecessary escape character: \-  no-useless-escape
  Line 166:62:   Unnecessary escape character: \-  no-useless-escape
  Line 168:45:   Unnecessary escape character: \-  no-useless-escape
  Line 173:43:   Unnecessary escape character: \-  no-useless-escape
  Line 173:59:   Unnecessary escape character: \/  no-useless-escape
  Line 173:61:   Unnecessary escape character: \-  no-useless-escape
  Line 174:47:   Unnecessary escape character: \-  no-useless-escape
  Line 174:63:   Unnecessary escape character: \/  no-useless-escape
  Line 174:65:   Unnecessary escape character: \-  no-useless-escape
  Line 175:36:   Unnecessary escape character: \-  no-useless-escape
  Line 175:52:   Unnecessary escape character: \/  no-useless-escape
  Line 175:54:   Unnecessary escape character: \-  no-useless-escape
  Line 180:49:   Unnecessary escape character: \-  no-useless-escape
  Line 180:65:   Unnecessary escape character: \-  no-useless-escape
  Line 180:67:   Unnecessary escape character: \/  no-useless-escape
  Line 180:69:   Unnecessary escape character: \.  no-useless-escape
  Line 180:80:   Unnecessary escape character: \-  no-useless-escape
  Line 180:82:   Unnecessary escape character: \/  no-useless-escape
  Line 180:84:   Unnecessary escape character: \.  no-useless-escape
  Line 181:19:   Unnecessary escape character: \-  no-useless-escape
  Line 181:35:   Unnecessary escape character: \-  no-useless-escape
  Line 181:37:   Unnecessary escape character: \/  no-useless-escape
  Line 181:39:   Unnecessary escape character: \.  no-useless-escape
  Line 181:50:   Unnecessary escape character: \-  no-useless-escape
  Line 181:52:   Unnecessary escape character: \/  no-useless-escape
  Line 181:54:   Unnecessary escape character: \.  no-useless-escape
  Line 184:68:   Unnecessary escape character: \-  no-useless-escape
  Line 184:84:   Unnecessary escape character: \-  no-useless-escape
  Line 184:86:   Unnecessary escape character: \/  no-useless-escape
  Line 184:88:   Unnecessary escape character: \.  no-useless-escape
  Line 184:99:   Unnecessary escape character: \-  no-useless-escape
  Line 184:101:  Unnecessary escape character: \/  no-useless-escape
  Line 184:103:  Unnecessary escape character: \.  no-useless-escape
  Line 189:27:   Unnecessary escape character: \-  no-useless-escape
  Line 192:28:   Unnecessary escape character: \-  no-useless-escape
  Line 195:20:   Unnecessary escape character: \-  no-useless-escape
  Line 374:31:   Unnecessary escape character: \-  no-useless-escape
  Line 384:31:   Unnecessary escape character: \/  no-useless-escape
  Line 384:33:   Unnecessary escape character: \.  no-useless-escape

src\components\ScholarshipChat\ScholarshipChat.js
  Line 95:10:  'unread' is assigned a value but never used  no-unused-vars

webpack compiled with 1 warning
Compiling...
Compiled with warnings.

[eslint] 
src\components\DocumentUpload\DocumentUpload.js
  Line 66:7:    'PROMPTS' is assigned a value but never used         no-unused-vars
  Line 102:10:  'maskText' is defined but never used                 no-unused-vars
  Line 109:29:  Unnecessary escape character: \-                     no-useless-escape
  Line 109:45:  Unnecessary escape character: \-                     no-useless-escape
  Line 302:10:  'safeScale' is defined but never used                no-unused-vars
  Line 380:10:  'hasCorrections' is assigned a value but never used  no-unused-vars

src\components\LocalAI\sgpBrain.js
  Line 1192:41:  'gender' is assigned a value but never used  no-unused-vars
  Line 1548:7:   'response' is constant                       no-const-assign

src\components\LocalAI\sgpDocAI.js
  Line 93:18:    Unnecessary escape character: \-  no-useless-escape
  Line 93:38:    Unnecessary escape character: \.  no-useless-escape
  Line 94:33:    Unnecessary escape character: \-  no-useless-escape
  Line 94:53:    Unnecessary escape character: \.  no-useless-escape
  Line 95:95:    Unnecessary escape character: \.  no-useless-escape
  Line 96:86:    Unnecessary escape character: \.  no-useless-escape
  Line 101:32:   Unnecessary escape character: \-  no-useless-escape
  Line 101:52:   Unnecessary escape character: \.  no-useless-escape
  Line 102:53:   Unnecessary escape character: \.  no-useless-escape
  Line 103:20:   Unnecessary escape character: \-  no-useless-escape
  Line 103:39:   Unnecessary escape character: \.  no-useless-escape
  Line 106:32:   Unnecessary escape character: \-  no-useless-escape
  Line 106:52:   Unnecessary escape character: \.  no-useless-escape
  Line 107:20:   Unnecessary escape character: \-  no-useless-escape
  Line 107:39:   Unnecessary escape character: \.  no-useless-escape
  Line 112:48:   Unnecessary escape character: \-  no-useless-escape
  Line 112:64:   Unnecessary escape character: \-  no-useless-escape
  Line 112:66:   Unnecessary escape character: \/  no-useless-escape
  Line 112:68:   Unnecessary escape character: \.  no-useless-escape
  Line 112:79:   Unnecessary escape character: \-  no-useless-escape
  Line 112:81:   Unnecessary escape character: \/  no-useless-escape
  Line 112:83:   Unnecessary escape character: \.  no-useless-escape
  Line 113:32:   Unnecessary escape character: \-  no-useless-escape
  Line 113:46:   Unnecessary escape character: \-  no-useless-escape
  Line 113:48:   Unnecessary escape character: \/  no-useless-escape
  Line 113:50:   Unnecessary escape character: \.  no-useless-escape
  Line 113:61:   Unnecessary escape character: \-  no-useless-escape
  Line 113:63:   Unnecessary escape character: \/  no-useless-escape
  Line 113:65:   Unnecessary escape character: \.  no-useless-escape
  Line 114:30:   Unnecessary escape character: \/  no-useless-escape
  Line 114:34:   Unnecessary escape character: \.  no-useless-escape
  Line 114:53:   Unnecessary escape character: \/  no-useless-escape
  Line 114:57:   Unnecessary escape character: \.  no-useless-escape
  Line 125:20:   Unnecessary escape character: \-  no-useless-escape
  Line 125:43:   Unnecessary escape character: \.  no-useless-escape
  Line 125:45:   Unnecessary escape character: \,  no-useless-escape
  Line 125:47:   Unnecessary escape character: \-  no-useless-escape
  Line 126:61:   Unnecessary escape character: \-  no-useless-escape
  Line 126:84:   Unnecessary escape character: \.  no-useless-escape
  Line 126:86:   Unnecessary escape character: \,  no-useless-escape
  Line 132:34:   Unnecessary escape character: \-  no-useless-escape
  Line 149:65:   Unnecessary escape character: \-  no-useless-escape
  Line 150:26:   Unnecessary escape character: \-  no-useless-escape
  Line 155:23:   Unnecessary escape character: \-  no-useless-escape
  Line 155:46:   Unnecessary escape character: \-  no-useless-escape
  Line 156:19:   Unnecessary escape character: \-  no-useless-escape
  Line 156:42:   Unnecessary escape character: \-  no-useless-escape
  Line 166:62:   Unnecessary escape character: \-  no-useless-escape
  Line 168:45:   Unnecessary escape character: \-  no-useless-escape
  Line 173:43:   Unnecessary escape character: \-  no-useless-escape
  Line 173:59:   Unnecessary escape character: \/  no-useless-escape
  Line 173:61:   Unnecessary escape character: \-  no-useless-escape
  Line 174:47:   Unnecessary escape character: \-  no-useless-escape
  Line 174:63:   Unnecessary escape character: \/  no-useless-escape
  Line 174:65:   Unnecessary escape character: \-  no-useless-escape
  Line 175:36:   Unnecessary escape character: \-  no-useless-escape
  Line 175:52:   Unnecessary escape character: \/  no-useless-escape
  Line 175:54:   Unnecessary escape character: \-  no-useless-escape
  Line 180:49:   Unnecessary escape character: \-  no-useless-escape
  Line 180:65:   Unnecessary escape character: \-  no-useless-escape
  Line 180:67:   Unnecessary escape character: \/  no-useless-escape
  Line 180:69:   Unnecessary escape character: \.  no-useless-escape
  Line 180:80:   Unnecessary escape character: \-  no-useless-escape
  Line 180:82:   Unnecessary escape character: \/  no-useless-escape
  Line 180:84:   Unnecessary escape character: \.  no-useless-escape
  Line 181:19:   Unnecessary escape character: \-  no-useless-escape
  Line 181:35:   Unnecessary escape character: \-  no-useless-escape
  Line 181:37:   Unnecessary escape character: \/  no-useless-escape
  Line 181:39:   Unnecessary escape character: \.  no-useless-escape
  Line 181:50:   Unnecessary escape character: \-  no-useless-escape
  Line 181:52:   Unnecessary escape character: \/  no-useless-escape
  Line 181:54:   Unnecessary escape character: \.  no-useless-escape
  Line 184:68:   Unnecessary escape character: \-  no-useless-escape
  Line 184:84:   Unnecessary escape character: \-  no-useless-escape
  Line 184:86:   Unnecessary escape character: \/  no-useless-escape
  Line 184:88:   Unnecessary escape character: \.  no-useless-escape
  Line 184:99:   Unnecessary escape character: \-  no-useless-escape
  Line 184:101:  Unnecessary escape character: \/  no-useless-escape
  Line 184:103:  Unnecessary escape character: \.  no-useless-escape
  Line 189:27:   Unnecessary escape character: \-  no-useless-escape
  Line 192:28:   Unnecessary escape character: \-  no-useless-escape
  Line 195:20:   Unnecessary escape character: \-  no-useless-escape
  Line 374:31:   Unnecessary escape character: \-  no-useless-escape
  Line 384:31:   Unnecessary escape character: \/  no-useless-escape
  Line 384:33:   Unnecessary escape character: \.  no-useless-escape

src\components\ScholarshipChat\ScholarshipChat.js
  Line 95:10:  'unread' is assigned a value but never used  no-unused-vars

Search for the keywords to learn more about each warning.
To ignore, add // eslint-disable-next-line to the line before.

WARNING in [eslint] 
src\components\DocumentUpload\DocumentUpload.js
  Line 66:7:    'PROMPTS' is assigned a value but never used         no-unused-vars
  Line 102:10:  'maskText' is defined but never used                 no-unused-vars
  Line 109:29:  Unnecessary escape character: \-                     no-useless-escape
  Line 109:45:  Unnecessary escape character: \-                     no-useless-escape
  Line 302:10:  'safeScale' is defined but never used                no-unused-vars
  Line 380:10:  'hasCorrections' is assigned a value but never used  no-unused-vars

src\components\LocalAI\sgpBrain.js
  Line 1192:41:  'gender' is assigned a value but never used  no-unused-vars
  Line 1548:7:   'response' is constant                       no-const-assign

src\components\LocalAI\sgpDocAI.js
  Line 93:18:    Unnecessary escape character: \-  no-useless-escape
  Line 93:38:    Unnecessary escape character: \.  no-useless-escape
  Line 94:33:    Unnecessary escape character: \-  no-useless-escape
  Line 94:53:    Unnecessary escape character: \.  no-useless-escape
  Line 95:95:    Unnecessary escape character: \.  no-useless-escape
  Line 96:86:    Unnecessary escape character: \.  no-useless-escape
  Line 101:32:   Unnecessary escape character: \-  no-useless-escape
  Line 101:52:   Unnecessary escape character: \.  no-useless-escape
  Line 102:53:   Unnecessary escape character: \.  no-useless-escape
  Line 103:20:   Unnecessary escape character: \-  no-useless-escape
  Line 103:39:   Unnecessary escape character: \.  no-useless-escape
  Line 106:32:   Unnecessary escape character: \-  no-useless-escape
  Line 106:52:   Unnecessary escape character: \.  no-useless-escape
  Line 107:20:   Unnecessary escape character: \-  no-useless-escape
  Line 107:39:   Unnecessary escape character: \.  no-useless-escape
  Line 112:48:   Unnecessary escape character: \-  no-useless-escape
  Line 112:64:   Unnecessary escape character: \-  no-useless-escape
  Line 112:66:   Unnecessary escape character: \/  no-useless-escape
  Line 112:68:   Unnecessary escape character: \.  no-useless-escape
  Line 112:79:   Unnecessary escape character: \-  no-useless-escape
  Line 112:81:   Unnecessary escape character: \/  no-useless-escape
  Line 112:83:   Unnecessary escape character: \.  no-useless-escape
  Line 113:32:   Unnecessary escape character: \-  no-useless-escape
  Line 113:46:   Unnecessary escape character: \-  no-useless-escape
  Line 113:48:   Unnecessary escape character: \/  no-useless-escape
  Line 113:50:   Unnecessary escape character: \.  no-useless-escape
  Line 113:61:   Unnecessary escape character: \-  no-useless-escape
  Line 113:63:   Unnecessary escape character: \/  no-useless-escape
  Line 113:65:   Unnecessary escape character: \.  no-useless-escape
  Line 114:30:   Unnecessary escape character: \/  no-useless-escape
  Line 114:34:   Unnecessary escape character: \.  no-useless-escape
  Line 114:53:   Unnecessary escape character: \/  no-useless-escape
  Line 114:57:   Unnecessary escape character: \.  no-useless-escape
  Line 125:20:   Unnecessary escape character: \-  no-useless-escape
  Line 125:43:   Unnecessary escape character: \.  no-useless-escape
  Line 125:45:   Unnecessary escape character: \,  no-useless-escape
  Line 125:47:   Unnecessary escape character: \-  no-useless-escape
  Line 126:61:   Unnecessary escape character: \-  no-useless-escape
  Line 126:84:   Unnecessary escape character: \.  no-useless-escape
  Line 126:86:   Unnecessary escape character: \,  no-useless-escape
  Line 132:34:   Unnecessary escape character: \-  no-useless-escape
  Line 149:65:   Unnecessary escape character: \-  no-useless-escape
  Line 150:26:   Unnecessary escape character: \-  no-useless-escape
  Line 155:23:   Unnecessary escape character: \-  no-useless-escape
  Line 155:46:   Unnecessary escape character: \-  no-useless-escape
  Line 156:19:   Unnecessary escape character: \-  no-useless-escape
  Line 156:42:   Unnecessary escape character: \-  no-useless-escape
  Line 166:62:   Unnecessary escape character: \-  no-useless-escape
  Line 168:45:   Unnecessary escape character: \-  no-useless-escape
  Line 173:43:   Unnecessary escape character: \-  no-useless-escape
  Line 173:59:   Unnecessary escape character: \/  no-useless-escape
  Line 173:61:   Unnecessary escape character: \-  no-useless-escape
  Line 174:47:   Unnecessary escape character: \-  no-useless-escape
  Line 174:63:   Unnecessary escape character: \/  no-useless-escape
  Line 174:65:   Unnecessary escape character: \-  no-useless-escape
  Line 175:36:   Unnecessary escape character: \-  no-useless-escape
  Line 175:52:   Unnecessary escape character: \/  no-useless-escape
  Line 175:54:   Unnecessary escape character: \-  no-useless-escape
  Line 180:49:   Unnecessary escape character: \-  no-useless-escape
  Line 180:65:   Unnecessary escape character: \-  no-useless-escape
  Line 180:67:   Unnecessary escape character: \/  no-useless-escape
  Line 180:69:   Unnecessary escape character: \.  no-useless-escape
  Line 180:80:   Unnecessary escape character: \-  no-useless-escape
  Line 180:82:   Unnecessary escape character: \/  no-useless-escape
  Line 180:84:   Unnecessary escape character: \.  no-useless-escape
  Line 181:19:   Unnecessary escape character: \-  no-useless-escape
  Line 181:35:   Unnecessary escape character: \-  no-useless-escape
  Line 181:37:   Unnecessary escape character: \/  no-useless-escape
  Line 181:39:   Unnecessary escape character: \.  no-useless-escape
  Line 181:50:   Unnecessary escape character: \-  no-useless-escape
  Line 181:52:   Unnecessary escape character: \/  no-useless-escape
  Line 181:54:   Unnecessary escape character: \.  no-useless-escape
  Line 184:68:   Unnecessary escape character: \-  no-useless-escape
  Line 184:84:   Unnecessary escape character: \-  no-useless-escape
  Line 184:86:   Unnecessary escape character: \/  no-useless-escape
  Line 184:88:   Unnecessary escape character: \.  no-useless-escape
  Line 184:99:   Unnecessary escape character: \-  no-useless-escape
  Line 184:101:  Unnecessary escape character: \/  no-useless-escape
  Line 184:103:  Unnecessary escape character: \.  no-useless-escape
  Line 189:27:   Unnecessary escape character: \-  no-useless-escape
  Line 192:28:   Unnecessary escape character: \-  no-useless-escape
  Line 195:20:   Unnecessary escape character: \-  no-useless-escape
  Line 374:31:   Unnecessary escape character: \-  no-useless-escape
  Line 384:31:   Unnecessary escape character: \/  no-useless-escape
  Line 384:33:   Unnecessary escape character: \.  no-useless-escape

src\components\ScholarshipChat\ScholarshipChat.js
  Line 95:10:  'unread' is assigned a value but never used  no-unused-vars

webpack compiled with 1 warning
Compiling...
Compiled with warnings.

[eslint] 
src\components\DocumentUpload\DocumentUpload.js
  Line 67:7:    'PROMPTS' is assigned a value but never used         no-unused-vars
  Line 103:10:  'maskText' is defined but never used                 no-unused-vars
  Line 110:29:  Unnecessary escape character: \-                     no-useless-escape
  Line 110:45:  Unnecessary escape character: \-                     no-useless-escape
  Line 303:10:  'safeScale' is defined but never used                no-unused-vars
  Line 381:10:  'hasCorrections' is assigned a value but never used  no-unused-vars

src\components\LocalAI\sgpBrain.js
  Line 1192:41:  'gender' is assigned a value but never used  no-unused-vars
  Line 1548:7:   'response' is constant                       no-const-assign

src\components\LocalAI\sgpDocAI.js
  Line 93:18:    Unnecessary escape character: \-  no-useless-escape
  Line 93:38:    Unnecessary escape character: \.  no-useless-escape
  Line 94:33:    Unnecessary escape character: \-  no-useless-escape
  Line 94:53:    Unnecessary escape character: \.  no-useless-escape
  Line 95:95:    Unnecessary escape character: \.  no-useless-escape
  Line 96:86:    Unnecessary escape character: \.  no-useless-escape
  Line 101:32:   Unnecessary escape character: \-  no-useless-escape
  Line 101:52:   Unnecessary escape character: \.  no-useless-escape
  Line 102:53:   Unnecessary escape character: \.  no-useless-escape
  Line 103:20:   Unnecessary escape character: \-  no-useless-escape
  Line 103:39:   Unnecessary escape character: \.  no-useless-escape
  Line 106:32:   Unnecessary escape character: \-  no-useless-escape
  Line 106:52:   Unnecessary escape character: \.  no-useless-escape
  Line 107:20:   Unnecessary escape character: \-  no-useless-escape
  Line 107:39:   Unnecessary escape character: \.  no-useless-escape
  Line 112:48:   Unnecessary escape character: \-  no-useless-escape
  Line 112:64:   Unnecessary escape character: \-  no-useless-escape
  Line 112:66:   Unnecessary escape character: \/  no-useless-escape
  Line 112:68:   Unnecessary escape character: \.  no-useless-escape
  Line 112:79:   Unnecessary escape character: \-  no-useless-escape
  Line 112:81:   Unnecessary escape character: \/  no-useless-escape
  Line 112:83:   Unnecessary escape character: \.  no-useless-escape
  Line 113:32:   Unnecessary escape character: \-  no-useless-escape
  Line 113:46:   Unnecessary escape character: \-  no-useless-escape
  Line 113:48:   Unnecessary escape character: \/  no-useless-escape
  Line 113:50:   Unnecessary escape character: \.  no-useless-escape
  Line 113:61:   Unnecessary escape character: \-  no-useless-escape
  Line 113:63:   Unnecessary escape character: \/  no-useless-escape
  Line 113:65:   Unnecessary escape character: \.  no-useless-escape
  Line 114:30:   Unnecessary escape character: \/  no-useless-escape
  Line 114:34:   Unnecessary escape character: \.  no-useless-escape
  Line 114:53:   Unnecessary escape character: \/  no-useless-escape
  Line 114:57:   Unnecessary escape character: \.  no-useless-escape
  Line 125:20:   Unnecessary escape character: \-  no-useless-escape
  Line 125:43:   Unnecessary escape character: \.  no-useless-escape
  Line 125:45:   Unnecessary escape character: \,  no-useless-escape
  Line 125:47:   Unnecessary escape character: \-  no-useless-escape
  Line 126:61:   Unnecessary escape character: \-  no-useless-escape
  Line 126:84:   Unnecessary escape character: \.  no-useless-escape
  Line 126:86:   Unnecessary escape character: \,  no-useless-escape
  Line 132:34:   Unnecessary escape character: \-  no-useless-escape
  Line 149:65:   Unnecessary escape character: \-  no-useless-escape
  Line 150:26:   Unnecessary escape character: \-  no-useless-escape
  Line 155:23:   Unnecessary escape character: \-  no-useless-escape
  Line 155:46:   Unnecessary escape character: \-  no-useless-escape
  Line 156:19:   Unnecessary escape character: \-  no-useless-escape
  Line 156:42:   Unnecessary escape character: \-  no-useless-escape
  Line 166:62:   Unnecessary escape character: \-  no-useless-escape
  Line 168:45:   Unnecessary escape character: \-  no-useless-escape
  Line 173:43:   Unnecessary escape character: \-  no-useless-escape
  Line 173:59:   Unnecessary escape character: \/  no-useless-escape
  Line 173:61:   Unnecessary escape character: \-  no-useless-escape
  Line 174:47:   Unnecessary escape character: \-  no-useless-escape
  Line 174:63:   Unnecessary escape character: \/  no-useless-escape
  Line 174:65:   Unnecessary escape character: \-  no-useless-escape
  Line 175:36:   Unnecessary escape character: \-  no-useless-escape
  Line 175:52:   Unnecessary escape character: \/  no-useless-escape
  Line 175:54:   Unnecessary escape character: \-  no-useless-escape
  Line 180:49:   Unnecessary escape character: \-  no-useless-escape
  Line 180:65:   Unnecessary escape character: \-  no-useless-escape
  Line 180:67:   Unnecessary escape character: \/  no-useless-escape
  Line 180:69:   Unnecessary escape character: \.  no-useless-escape
  Line 180:80:   Unnecessary escape character: \-  no-useless-escape
  Line 180:82:   Unnecessary escape character: \/  no-useless-escape
  Line 180:84:   Unnecessary escape character: \.  no-useless-escape
  Line 181:19:   Unnecessary escape character: \-  no-useless-escape
  Line 181:35:   Unnecessary escape character: \-  no-useless-escape
  Line 181:37:   Unnecessary escape character: \/  no-useless-escape
  Line 181:39:   Unnecessary escape character: \.  no-useless-escape
  Line 181:50:   Unnecessary escape character: \-  no-useless-escape
  Line 181:52:   Unnecessary escape character: \/  no-useless-escape
  Line 181:54:   Unnecessary escape character: \.  no-useless-escape
  Line 184:68:   Unnecessary escape character: \-  no-useless-escape
  Line 184:84:   Unnecessary escape character: \-  no-useless-escape
  Line 184:86:   Unnecessary escape character: \/  no-useless-escape
  Line 184:88:   Unnecessary escape character: \.  no-useless-escape
  Line 184:99:   Unnecessary escape character: \-  no-useless-escape
  Line 184:101:  Unnecessary escape character: \/  no-useless-escape
  Line 184:103:  Unnecessary escape character: \.  no-useless-escape
  Line 189:27:   Unnecessary escape character: \-  no-useless-escape
  Line 192:28:   Unnecessary escape character: \-  no-useless-escape
  Line 195:20:   Unnecessary escape character: \-  no-useless-escape
  Line 374:31:   Unnecessary escape character: \-  no-useless-escape
  Line 384:31:   Unnecessary escape character: \/  no-useless-escape
  Line 384:33:   Unnecessary escape character: \.  no-useless-escape

src\components\ScholarshipChat\ScholarshipChat.js
  Line 95:10:  'unread' is assigned a value but never used  no-unused-vars

Search for the keywords to learn more about each warning.
To ignore, add // eslint-disable-next-line to the line before.

WARNING in [eslint] 
src\components\DocumentUpload\DocumentUpload.js
  Line 67:7:    'PROMPTS' is assigned a value but never used         no-unused-vars
  Line 103:10:  'maskText' is defined but never used                 no-unused-vars
  Line 110:29:  Unnecessary escape character: \-                     no-useless-escape
  Line 110:45:  Unnecessary escape character: \-                     no-useless-escape
  Line 303:10:  'safeScale' is defined but never used                no-unused-vars
  Line 381:10:  'hasCorrections' is assigned a value but never used  no-unused-vars

src\components\LocalAI\sgpBrain.js
  Line 1192:41:  'gender' is assigned a value but never used  no-unused-vars
  Line 1548:7:   'response' is constant                       no-const-assign

src\components\LocalAI\sgpDocAI.js
  Line 93:18:    Unnecessary escape character: \-  no-useless-escape
  Line 93:38:    Unnecessary escape character: \.  no-useless-escape
  Line 94:33:    Unnecessary escape character: \-  no-useless-escape
  Line 94:53:    Unnecessary escape character: \.  no-useless-escape
  Line 95:95:    Unnecessary escape character: \.  no-useless-escape
  Line 96:86:    Unnecessary escape character: \.  no-useless-escape
  Line 101:32:   Unnecessary escape character: \-  no-useless-escape
  Line 101:52:   Unnecessary escape character: \.  no-useless-escape
  Line 102:53:   Unnecessary escape character: \.  no-useless-escape
  Line 103:20:   Unnecessary escape character: \-  no-useless-escape
  Line 103:39:   Unnecessary escape character: \.  no-useless-escape
  Line 106:32:   Unnecessary escape character: \-  no-useless-escape
  Line 106:52:   Unnecessary escape character: \.  no-useless-escape
  Line 107:20:   Unnecessary escape character: \-  no-useless-escape
  Line 107:39:   Unnecessary escape character: \.  no-useless-escape
  Line 112:48:   Unnecessary escape character: \-  no-useless-escape
  Line 112:64:   Unnecessary escape character: \-  no-useless-escape
  Line 112:66:   Unnecessary escape character: \/  no-useless-escape
  Line 112:68:   Unnecessary escape character: \.  no-useless-escape
  Line 112:79:   Unnecessary escape character: \-  no-useless-escape
  Line 112:81:   Unnecessary escape character: \/  no-useless-escape
  Line 112:83:   Unnecessary escape character: \.  no-useless-escape
  Line 113:32:   Unnecessary escape character: \-  no-useless-escape
  Line 113:46:   Unnecessary escape character: \-  no-useless-escape
  Line 113:48:   Unnecessary escape character: \/  no-useless-escape
  Line 113:50:   Unnecessary escape character: \.  no-useless-escape
  Line 113:61:   Unnecessary escape character: \-  no-useless-escape
  Line 113:63:   Unnecessary escape character: \/  no-useless-escape
  Line 113:65:   Unnecessary escape character: \.  no-useless-escape
  Line 114:30:   Unnecessary escape character: \/  no-useless-escape
  Line 114:34:   Unnecessary escape character: \.  no-useless-escape
  Line 114:53:   Unnecessary escape character: \/  no-useless-escape
  Line 114:57:   Unnecessary escape character: \.  no-useless-escape
  Line 125:20:   Unnecessary escape character: \-  no-useless-escape
  Line 125:43:   Unnecessary escape character: \.  no-useless-escape
  Line 125:45:   Unnecessary escape character: \,  no-useless-escape
  Line 125:47:   Unnecessary escape character: \-  no-useless-escape
  Line 126:61:   Unnecessary escape character: \-  no-useless-escape
  Line 126:84:   Unnecessary escape character: \.  no-useless-escape
  Line 126:86:   Unnecessary escape character: \,  no-useless-escape
  Line 132:34:   Unnecessary escape character: \-  no-useless-escape
  Line 149:65:   Unnecessary escape character: \-  no-useless-escape
  Line 150:26:   Unnecessary escape character: \-  no-useless-escape
  Line 155:23:   Unnecessary escape character: \-  no-useless-escape
  Line 155:46:   Unnecessary escape character: \-  no-useless-escape
  Line 156:19:   Unnecessary escape character: \-  no-useless-escape
  Line 156:42:   Unnecessary escape character: \-  no-useless-escape
  Line 166:62:   Unnecessary escape character: \-  no-useless-escape
  Line 168:45:   Unnecessary escape character: \-  no-useless-escape
  Line 173:43:   Unnecessary escape character: \-  no-useless-escape
  Line 173:59:   Unnecessary escape character: \/  no-useless-escape
  Line 173:61:   Unnecessary escape character: \-  no-useless-escape
  Line 174:47:   Unnecessary escape character: \-  no-useless-escape
  Line 174:63:   Unnecessary escape character: \/  no-useless-escape
  Line 174:65:   Unnecessary escape character: \-  no-useless-escape
  Line 175:36:   Unnecessary escape character: \-  no-useless-escape
  Line 175:52:   Unnecessary escape character: \/  no-useless-escape
  Line 175:54:   Unnecessary escape character: \-  no-useless-escape
  Line 180:49:   Unnecessary escape character: \-  no-useless-escape
  Line 180:65:   Unnecessary escape character: \-  no-useless-escape
  Line 180:67:   Unnecessary escape character: \/  no-useless-escape
  Line 180:69:   Unnecessary escape character: \.  no-useless-escape
  Line 180:80:   Unnecessary escape character: \-  no-useless-escape
  Line 180:82:   Unnecessary escape character: \/  no-useless-escape
  Line 180:84:   Unnecessary escape character: \.  no-useless-escape
  Line 181:19:   Unnecessary escape character: \-  no-useless-escape
  Line 181:35:   Unnecessary escape character: \-  no-useless-escape
  Line 181:37:   Unnecessary escape character: \/  no-useless-escape
  Line 181:39:   Unnecessary escape character: \.  no-useless-escape
  Line 181:50:   Unnecessary escape character: \-  no-useless-escape
  Line 181:52:   Unnecessary escape character: \/  no-useless-escape
  Line 181:54:   Unnecessary escape character: \.  no-useless-escape
  Line 184:68:   Unnecessary escape character: \-  no-useless-escape
  Line 184:84:   Unnecessary escape character: \-  no-useless-escape
  Line 184:86:   Unnecessary escape character: \/  no-useless-escape
  Line 184:88:   Unnecessary escape character: \.  no-useless-escape
  Line 184:99:   Unnecessary escape character: \-  no-useless-escape
  Line 184:101:  Unnecessary escape character: \/  no-useless-escape
  Line 184:103:  Unnecessary escape character: \.  no-useless-escape
  Line 189:27:   Unnecessary escape character: \-  no-useless-escape
  Line 192:28:   Unnecessary escape character: \-  no-useless-escape
  Line 195:20:   Unnecessary escape character: \-  no-useless-escape
  Line 374:31:   Unnecessary escape character: \-  no-useless-escape
  Line 384:31:   Unnecessary escape character: \/  no-useless-escape
  Line 384:33:   Unnecessary escape character: \.  no-useless-escape

src\components\ScholarshipChat\ScholarshipChat.js
  Line 95:10:  'unread' is assigned a value but never used  no-unused-vars

webpack compiled with 1 warning
Compiling...
Failed to compile.

[eslint] 
src\components\DocumentUpload\DocumentUpload.js
  Line 1048:35:  'captchaContainerRef' is not defined  no-undef
  Line 1059:32:  'captchaVerified' is not defined      no-undef
  Line 1061:34:  'captchaVerified' is not defined      no-undef
  Line 1063:30:  'captchaVerified' is not defined      no-undef

Search for the keywords to learn more about each error.
WARNING in [eslint] 
src\components\DocumentUpload\DocumentUpload.js
  Line 67:7:    'PROMPTS' is assigned a value but never used         no-unused-vars
  Line 103:10:  'maskText' is defined but never used                 no-unused-vars
  Line 110:29:  Unnecessary escape character: \-                     no-useless-escape
  Line 110:45:  Unnecessary escape character: \-                     no-useless-escape
  Line 303:10:  'safeScale' is defined but never used                no-unused-vars
  Line 381:10:  'hasCorrections' is assigned a value but never used  no-unused-vars

src\components\LocalAI\sgpBrain.js
  Line 1192:41:  'gender' is assigned a value but never used  no-unused-vars
  Line 1548:7:   'response' is constant                       no-const-assign

src\components\LocalAI\sgpDocAI.js
  Line 93:18:    Unnecessary escape character: \-  no-useless-escape
  Line 93:38:    Unnecessary escape character: \.  no-useless-escape
  Line 94:33:    Unnecessary escape character: \-  no-useless-escape
  Line 94:53:    Unnecessary escape character: \.  no-useless-escape
  Line 95:95:    Unnecessary escape character: \.  no-useless-escape
  Line 96:86:    Unnecessary escape character: \.  no-useless-escape
  Line 101:32:   Unnecessary escape character: \-  no-useless-escape
  Line 101:52:   Unnecessary escape character: \.  no-useless-escape
  Line 102:53:   Unnecessary escape character: \.  no-useless-escape
  Line 103:20:   Unnecessary escape character: \-  no-useless-escape
  Line 103:39:   Unnecessary escape character: \.  no-useless-escape
  Line 106:32:   Unnecessary escape character: \-  no-useless-escape
  Line 106:52:   Unnecessary escape character: \.  no-useless-escape
  Line 107:20:   Unnecessary escape character: \-  no-useless-escape
  Line 107:39:   Unnecessary escape character: \.  no-useless-escape
  Line 112:48:   Unnecessary escape character: \-  no-useless-escape
  Line 112:64:   Unnecessary escape character: \-  no-useless-escape
  Line 112:66:   Unnecessary escape character: \/  no-useless-escape
  Line 112:68:   Unnecessary escape character: \.  no-useless-escape
  Line 112:79:   Unnecessary escape character: \-  no-useless-escape
  Line 112:81:   Unnecessary escape character: \/  no-useless-escape
  Line 112:83:   Unnecessary escape character: \.  no-useless-escape
  Line 113:32:   Unnecessary escape character: \-  no-useless-escape
  Line 113:46:   Unnecessary escape character: \-  no-useless-escape
  Line 113:48:   Unnecessary escape character: \/  no-useless-escape
  Line 113:50:   Unnecessary escape character: \.  no-useless-escape
  Line 113:61:   Unnecessary escape character: \-  no-useless-escape
  Line 113:63:   Unnecessary escape character: \/  no-useless-escape
  Line 113:65:   Unnecessary escape character: \.  no-useless-escape
  Line 114:30:   Unnecessary escape character: \/  no-useless-escape
  Line 114:34:   Unnecessary escape character: \.  no-useless-escape
  Line 114:53:   Unnecessary escape character: \/  no-useless-escape
  Line 114:57:   Unnecessary escape character: \.  no-useless-escape
  Line 125:20:   Unnecessary escape character: \-  no-useless-escape
  Line 125:43:   Unnecessary escape character: \.  no-useless-escape
  Line 125:45:   Unnecessary escape character: \,  no-useless-escape
  Line 125:47:   Unnecessary escape character: \-  no-useless-escape
  Line 126:61:   Unnecessary escape character: \-  no-useless-escape
  Line 126:84:   Unnecessary escape character: \.  no-useless-escape
  Line 126:86:   Unnecessary escape character: \,  no-useless-escape
  Line 132:34:   Unnecessary escape character: \-  no-useless-escape
  Line 149:65:   Unnecessary escape character: \-  no-useless-escape
  Line 150:26:   Unnecessary escape character: \-  no-useless-escape
  Line 155:23:   Unnecessary escape character: \-  no-useless-escape
  Line 155:46:   Unnecessary escape character: \-  no-useless-escape
  Line 156:19:   Unnecessary escape character: \-  no-useless-escape
  Line 156:42:   Unnecessary escape character: \-  no-useless-escape
  Line 166:62:   Unnecessary escape character: \-  no-useless-escape
  Line 168:45:   Unnecessary escape character: \-  no-useless-escape
  Line 173:43:   Unnecessary escape character: \-  no-useless-escape
  Line 173:59:   Unnecessary escape character: \/  no-useless-escape
  Line 173:61:   Unnecessary escape character: \-  no-useless-escape
  Line 174:47:   Unnecessary escape character: \-  no-useless-escape
  Line 174:63:   Unnecessary escape character: \/  no-useless-escape
  Line 174:65:   Unnecessary escape character: \-  no-useless-escape
  Line 175:36:   Unnecessary escape character: \-  no-useless-escape
  Line 175:52:   Unnecessary escape character: \/  no-useless-escape
  Line 175:54:   Unnecessary escape character: \-  no-useless-escape
  Line 180:49:   Unnecessary escape character: \-  no-useless-escape
  Line 180:65:   Unnecessary escape character: \-  no-useless-escape
  Line 180:67:   Unnecessary escape character: \/  no-useless-escape
  Line 180:69:   Unnecessary escape character: \.  no-useless-escape
  Line 180:80:   Unnecessary escape character: \-  no-useless-escape
  Line 180:82:   Unnecessary escape character: \/  no-useless-escape
  Line 180:84:   Unnecessary escape character: \.  no-useless-escape
  Line 181:19:   Unnecessary escape character: \-  no-useless-escape
  Line 181:35:   Unnecessary escape character: \-  no-useless-escape
  Line 181:37:   Unnecessary escape character: \/  no-useless-escape
  Line 181:39:   Unnecessary escape character: \.  no-useless-escape
  Line 181:50:   Unnecessary escape character: \-  no-useless-escape
  Line 181:52:   Unnecessary escape character: \/  no-useless-escape
  Line 181:54:   Unnecessary escape character: \.  no-useless-escape
  Line 184:68:   Unnecessary escape character: \-  no-useless-escape
  Line 184:84:   Unnecessary escape character: \-  no-useless-escape
  Line 184:86:   Unnecessary escape character: \/  no-useless-escape
  Line 184:88:   Unnecessary escape character: \.  no-useless-escape
  Line 184:99:   Unnecessary escape character: \-  no-useless-escape
  Line 184:101:  Unnecessary escape character: \/  no-useless-escape
  Line 184:103:  Unnecessary escape character: \.  no-useless-escape
  Line 189:27:   Unnecessary escape character: \-  no-useless-escape
  Line 192:28:   Unnecessary escape character: \-  no-useless-escape
  Line 195:20:   Unnecessary escape character: \-  no-useless-escape
  Line 374:31:   Unnecessary escape character: \-  no-useless-escape
  Line 384:31:   Unnecessary escape character: \/  no-useless-escape
  Line 384:33:   Unnecessary escape character: \.  no-useless-escape

src\components\ScholarshipChat\ScholarshipChat.js
  Line 95:10:  'unread' is assigned a value but never used  no-unused-vars

ERROR in [eslint] 
src\components\DocumentUpload\DocumentUpload.js
  Line 1048:35:  'captchaContainerRef' is not defined  no-undef
  Line 1059:32:  'captchaVerified' is not defined      no-undef
  Line 1061:34:  'captchaVerified' is not defined      no-undef
  Line 1063:30:  'captchaVerified' is not defined      no-undef

Search for the keywords to learn more about each error.

webpack compiled with 1 error and 1 warning
Compiling...
Failed to compile.

[eslint] 
src\components\DocumentUpload\DocumentUpload.js
  Line 1048:35:  'captchaContainerRef' is not defined  no-undef

Search for the keywords to learn more about each error.
WARNING in [eslint] 
src\components\DocumentUpload\DocumentUpload.js
  Line 67:7:    'PROMPTS' is assigned a value but never used         no-unused-vars
  Line 103:10:  'maskText' is defined but never used                 no-unused-vars
  Line 110:29:  Unnecessary escape character: \-                     no-useless-escape
  Line 110:45:  Unnecessary escape character: \-                     no-useless-escape
  Line 303:10:  'safeScale' is defined but never used                no-unused-vars
  Line 381:10:  'hasCorrections' is assigned a value but never used  no-unused-vars

src\components\LocalAI\sgpBrain.js
  Line 1192:41:  'gender' is assigned a value but never used  no-unused-vars
  Line 1548:7:   'response' is constant                       no-const-assign

src\components\LocalAI\sgpDocAI.js
  Line 93:18:    Unnecessary escape character: \-  no-useless-escape
  Line 93:38:    Unnecessary escape character: \.  no-useless-escape
  Line 94:33:    Unnecessary escape character: \-  no-useless-escape
  Line 94:53:    Unnecessary escape character: \.  no-useless-escape
  Line 95:95:    Unnecessary escape character: \.  no-useless-escape
  Line 96:86:    Unnecessary escape character: \.  no-useless-escape
  Line 101:32:   Unnecessary escape character: \-  no-useless-escape
  Line 101:52:   Unnecessary escape character: \.  no-useless-escape
  Line 102:53:   Unnecessary escape character: \.  no-useless-escape
  Line 103:20:   Unnecessary escape character: \-  no-useless-escape
  Line 103:39:   Unnecessary escape character: \.  no-useless-escape
  Line 106:32:   Unnecessary escape character: \-  no-useless-escape
  Line 106:52:   Unnecessary escape character: \.  no-useless-escape
  Line 107:20:   Unnecessary escape character: \-  no-useless-escape
  Line 107:39:   Unnecessary escape character: \.  no-useless-escape
  Line 112:48:   Unnecessary escape character: \-  no-useless-escape
  Line 112:64:   Unnecessary escape character: \-  no-useless-escape
  Line 112:66:   Unnecessary escape character: \/  no-useless-escape
  Line 112:68:   Unnecessary escape character: \.  no-useless-escape
  Line 112:79:   Unnecessary escape character: \-  no-useless-escape
  Line 112:81:   Unnecessary escape character: \/  no-useless-escape
  Line 112:83:   Unnecessary escape character: \.  no-useless-escape
  Line 113:32:   Unnecessary escape character: \-  no-useless-escape
  Line 113:46:   Unnecessary escape character: \-  no-useless-escape
  Line 113:48:   Unnecessary escape character: \/  no-useless-escape
  Line 113:50:   Unnecessary escape character: \.  no-useless-escape
  Line 113:61:   Unnecessary escape character: \-  no-useless-escape
  Line 113:63:   Unnecessary escape character: \/  no-useless-escape
  Line 113:65:   Unnecessary escape character: \.  no-useless-escape
  Line 114:30:   Unnecessary escape character: \/  no-useless-escape
  Line 114:34:   Unnecessary escape character: \.  no-useless-escape
  Line 114:53:   Unnecessary escape character: \/  no-useless-escape
  Line 114:57:   Unnecessary escape character: \.  no-useless-escape
  Line 125:20:   Unnecessary escape character: \-  no-useless-escape
  Line 125:43:   Unnecessary escape character: \.  no-useless-escape
  Line 125:45:   Unnecessary escape character: \,  no-useless-escape
  Line 125:47:   Unnecessary escape character: \-  no-useless-escape
  Line 126:61:   Unnecessary escape character: \-  no-useless-escape
  Line 126:84:   Unnecessary escape character: \.  no-useless-escape
  Line 126:86:   Unnecessary escape character: \,  no-useless-escape
  Line 132:34:   Unnecessary escape character: \-  no-useless-escape
  Line 149:65:   Unnecessary escape character: \-  no-useless-escape
  Line 150:26:   Unnecessary escape character: \-  no-useless-escape
  Line 155:23:   Unnecessary escape character: \-  no-useless-escape
  Line 155:46:   Unnecessary escape character: \-  no-useless-escape
  Line 156:19:   Unnecessary escape character: \-  no-useless-escape
  Line 156:42:   Unnecessary escape character: \-  no-useless-escape
  Line 166:62:   Unnecessary escape character: \-  no-useless-escape
  Line 168:45:   Unnecessary escape character: \-  no-useless-escape
  Line 173:43:   Unnecessary escape character: \-  no-useless-escape
  Line 173:59:   Unnecessary escape character: \/  no-useless-escape
  Line 173:61:   Unnecessary escape character: \-  no-useless-escape
  Line 174:47:   Unnecessary escape character: \-  no-useless-escape
  Line 174:63:   Unnecessary escape character: \/  no-useless-escape
  Line 174:65:   Unnecessary escape character: \-  no-useless-escape
  Line 175:36:   Unnecessary escape character: \-  no-useless-escape
  Line 175:52:   Unnecessary escape character: \/  no-useless-escape
  Line 175:54:   Unnecessary escape character: \-  no-useless-escape
  Line 180:49:   Unnecessary escape character: \-  no-useless-escape
  Line 180:65:   Unnecessary escape character: \-  no-useless-escape
  Line 180:67:   Unnecessary escape character: \/  no-useless-escape
  Line 180:69:   Unnecessary escape character: \.  no-useless-escape
  Line 180:80:   Unnecessary escape character: \-  no-useless-escape
  Line 180:82:   Unnecessary escape character: \/  no-useless-escape
  Line 180:84:   Unnecessary escape character: \.  no-useless-escape
  Line 181:19:   Unnecessary escape character: \-  no-useless-escape
  Line 181:35:   Unnecessary escape character: \-  no-useless-escape
  Line 181:37:   Unnecessary escape character: \/  no-useless-escape
  Line 181:39:   Unnecessary escape character: \.  no-useless-escape
  Line 181:50:   Unnecessary escape character: \-  no-useless-escape
  Line 181:52:   Unnecessary escape character: \/  no-useless-escape
  Line 181:54:   Unnecessary escape character: \.  no-useless-escape
  Line 184:68:   Unnecessary escape character: \-  no-useless-escape
  Line 184:84:   Unnecessary escape character: \-  no-useless-escape
  Line 184:86:   Unnecessary escape character: \/  no-useless-escape
  Line 184:88:   Unnecessary escape character: \.  no-useless-escape
  Line 184:99:   Unnecessary escape character: \-  no-useless-escape
  Line 184:101:  Unnecessary escape character: \/  no-useless-escape
  Line 184:103:  Unnecessary escape character: \.  no-useless-escape
  Line 189:27:   Unnecessary escape character: \-  no-useless-escape
  Line 192:28:   Unnecessary escape character: \-  no-useless-escape
  Line 195:20:   Unnecessary escape character: \-  no-useless-escape
  Line 374:31:   Unnecessary escape character: \-  no-useless-escape
  Line 384:31:   Unnecessary escape character: \/  no-useless-escape
  Line 384:33:   Unnecessary escape character: \.  no-useless-escape

src\components\ScholarshipChat\ScholarshipChat.js
  Line 95:10:  'unread' is assigned a value but never used  no-unused-vars

ERROR in [eslint] 
src\components\DocumentUpload\DocumentUpload.js
  Line 1048:35:  'captchaContainerRef' is not defined  no-undef

Search for the keywords to learn more about each error.

webpack compiled with 1 error and 1 warning
Compiling...
Compiled with warnings.

[eslint] 
src\components\DocumentUpload\DocumentUpload.js
  Line 67:7:    'PROMPTS' is assigned a value but never used         no-unused-vars
  Line 103:10:  'maskText' is defined but never used                 no-unused-vars
  Line 110:29:  Unnecessary escape character: \-                     no-useless-escape
  Line 110:45:  Unnecessary escape character: \-                     no-useless-escape
  Line 303:10:  'safeScale' is defined but never used                no-unused-vars
  Line 381:10:  'hasCorrections' is assigned a value but never used  no-unused-vars

src\components\LocalAI\sgpBrain.js
  Line 1192:41:  'gender' is assigned a value but never used  no-unused-vars
  Line 1548:7:   'response' is constant                       no-const-assign

src\components\LocalAI\sgpDocAI.js
  Line 93:18:    Unnecessary escape character: \-  no-useless-escape
  Line 93:38:    Unnecessary escape character: \.  no-useless-escape
  Line 94:33:    Unnecessary escape character: \-  no-useless-escape
  Line 94:53:    Unnecessary escape character: \.  no-useless-escape
  Line 95:95:    Unnecessary escape character: \.  no-useless-escape
  Line 96:86:    Unnecessary escape character: \.  no-useless-escape
  Line 101:32:   Unnecessary escape character: \-  no-useless-escape
  Line 101:52:   Unnecessary escape character: \.  no-useless-escape
  Line 102:53:   Unnecessary escape character: \.  no-useless-escape
  Line 103:20:   Unnecessary escape character: \-  no-useless-escape
  Line 103:39:   Unnecessary escape character: \.  no-useless-escape
  Line 106:32:   Unnecessary escape character: \-  no-useless-escape
  Line 106:52:   Unnecessary escape character: \.  no-useless-escape
  Line 107:20:   Unnecessary escape character: \-  no-useless-escape
  Line 107:39:   Unnecessary escape character: \.  no-useless-escape
  Line 112:48:   Unnecessary escape character: \-  no-useless-escape
  Line 112:64:   Unnecessary escape character: \-  no-useless-escape
  Line 112:66:   Unnecessary escape character: \/  no-useless-escape
  Line 112:68:   Unnecessary escape character: \.  no-useless-escape
  Line 112:79:   Unnecessary escape character: \-  no-useless-escape
  Line 112:81:   Unnecessary escape character: \/  no-useless-escape
  Line 112:83:   Unnecessary escape character: \.  no-useless-escape
  Line 113:32:   Unnecessary escape character: \-  no-useless-escape
  Line 113:46:   Unnecessary escape character: \-  no-useless-escape
  Line 113:48:   Unnecessary escape character: \/  no-useless-escape
  Line 113:50:   Unnecessary escape character: \.  no-useless-escape
  Line 113:61:   Unnecessary escape character: \-  no-useless-escape
  Line 113:63:   Unnecessary escape character: \/  no-useless-escape
  Line 113:65:   Unnecessary escape character: \.  no-useless-escape
  Line 114:30:   Unnecessary escape character: \/  no-useless-escape
  Line 114:34:   Unnecessary escape character: \.  no-useless-escape
  Line 114:53:   Unnecessary escape character: \/  no-useless-escape
  Line 114:57:   Unnecessary escape character: \.  no-useless-escape
  Line 125:20:   Unnecessary escape character: \-  no-useless-escape
  Line 125:43:   Unnecessary escape character: \.  no-useless-escape
  Line 125:45:   Unnecessary escape character: \,  no-useless-escape
  Line 125:47:   Unnecessary escape character: \-  no-useless-escape
  Line 126:61:   Unnecessary escape character: \-  no-useless-escape
  Line 126:84:   Unnecessary escape character: \.  no-useless-escape
  Line 126:86:   Unnecessary escape character: \,  no-useless-escape
  Line 132:34:   Unnecessary escape character: \-  no-useless-escape
  Line 149:65:   Unnecessary escape character: \-  no-useless-escape
  Line 150:26:   Unnecessary escape character: \-  no-useless-escape
  Line 155:23:   Unnecessary escape character: \-  no-useless-escape
  Line 155:46:   Unnecessary escape character: \-  no-useless-escape
  Line 156:19:   Unnecessary escape character: \-  no-useless-escape
  Line 156:42:   Unnecessary escape character: \-  no-useless-escape
  Line 166:62:   Unnecessary escape character: \-  no-useless-escape
  Line 168:45:   Unnecessary escape character: \-  no-useless-escape
  Line 173:43:   Unnecessary escape character: \-  no-useless-escape
  Line 173:59:   Unnecessary escape character: \/  no-useless-escape
  Line 173:61:   Unnecessary escape character: \-  no-useless-escape
  Line 174:47:   Unnecessary escape character: \-  no-useless-escape
  Line 174:63:   Unnecessary escape character: \/  no-useless-escape
  Line 174:65:   Unnecessary escape character: \-  no-useless-escape
  Line 175:36:   Unnecessary escape character: \-  no-useless-escape
  Line 175:52:   Unnecessary escape character: \/  no-useless-escape
  Line 175:54:   Unnecessary escape character: \-  no-useless-escape
  Line 180:49:   Unnecessary escape character: \-  no-useless-escape
  Line 180:65:   Unnecessary escape character: \-  no-useless-escape
  Line 180:67:   Unnecessary escape character: \/  no-useless-escape
  Line 180:69:   Unnecessary escape character: \.  no-useless-escape
  Line 180:80:   Unnecessary escape character: \-  no-useless-escape
  Line 180:82:   Unnecessary escape character: \/  no-useless-escape
  Line 180:84:   Unnecessary escape character: \.  no-useless-escape
  Line 181:19:   Unnecessary escape character: \-  no-useless-escape
  Line 181:35:   Unnecessary escape character: \-  no-useless-escape
  Line 181:37:   Unnecessary escape character: \/  no-useless-escape
  Line 181:39:   Unnecessary escape character: \.  no-useless-escape
  Line 181:50:   Unnecessary escape character: \-  no-useless-escape
  Line 181:52:   Unnecessary escape character: \/  no-useless-escape
  Line 181:54:   Unnecessary escape character: \.  no-useless-escape
  Line 184:68:   Unnecessary escape character: \-  no-useless-escape
  Line 184:84:   Unnecessary escape character: \-  no-useless-escape
  Line 184:86:   Unnecessary escape character: \/  no-useless-escape
  Line 184:88:   Unnecessary escape character: \.  no-useless-escape
  Line 184:99:   Unnecessary escape character: \-  no-useless-escape
  Line 184:101:  Unnecessary escape character: \/  no-useless-escape
  Line 184:103:  Unnecessary escape character: \.  no-useless-escape
  Line 189:27:   Unnecessary escape character: \-  no-useless-escape
  Line 192:28:   Unnecessary escape character: \-  no-useless-escape
  Line 195:20:   Unnecessary escape character: \-  no-useless-escape
  Line 374:31:   Unnecessary escape character: \-  no-useless-escape
  Line 384:31:   Unnecessary escape character: \/  no-useless-escape
  Line 384:33:   Unnecessary escape character: \.  no-useless-escape

src\components\ScholarshipChat\ScholarshipChat.js
  Line 95:10:  'unread' is assigned a value but never used  no-unused-vars

Search for the keywords to learn more about each warning.
To ignore, add // eslint-disable-next-line to the line before.

WARNING in [eslint] 
src\components\DocumentUpload\DocumentUpload.js
  Line 67:7:    'PROMPTS' is assigned a value but never used         no-unused-vars
  Line 103:10:  'maskText' is defined but never used                 no-unused-vars
  Line 110:29:  Unnecessary escape character: \-                     no-useless-escape
  Line 110:45:  Unnecessary escape character: \-                     no-useless-escape
  Line 303:10:  'safeScale' is defined but never used                no-unused-vars
  Line 381:10:  'hasCorrections' is assigned a value but never used  no-unused-vars

src\components\LocalAI\sgpBrain.js
  Line 1192:41:  'gender' is assigned a value but never used  no-unused-vars
  Line 1548:7:   'response' is constant                       no-const-assign

src\components\LocalAI\sgpDocAI.js
  Line 93:18:    Unnecessary escape character: \-  no-useless-escape
  Line 93:38:    Unnecessary escape character: \.  no-useless-escape
  Line 94:33:    Unnecessary escape character: \-  no-useless-escape
  Line 94:53:    Unnecessary escape character: \.  no-useless-escape
  Line 95:95:    Unnecessary escape character: \.  no-useless-escape
  Line 96:86:    Unnecessary escape character: \.  no-useless-escape
  Line 101:32:   Unnecessary escape character: \-  no-useless-escape
  Line 101:52:   Unnecessary escape character: \.  no-useless-escape
  Line 102:53:   Unnecessary escape character: \.  no-useless-escape
  Line 103:20:   Unnecessary escape character: \-  no-useless-escape
  Line 103:39:   Unnecessary escape character: \.  no-useless-escape
  Line 106:32:   Unnecessary escape character: \-  no-useless-escape
  Line 106:52:   Unnecessary escape character: \.  no-useless-escape
  Line 107:20:   Unnecessary escape character: \-  no-useless-escape
  Line 107:39:   Unnecessary escape character: \.  no-useless-escape
  Line 112:48:   Unnecessary escape character: \-  no-useless-escape
  Line 112:64:   Unnecessary escape character: \-  no-useless-escape
  Line 112:66:   Unnecessary escape character: \/  no-useless-escape
  Line 112:68:   Unnecessary escape character: \.  no-useless-escape
  Line 112:79:   Unnecessary escape character: \-  no-useless-escape
  Line 112:81:   Unnecessary escape character: \/  no-useless-escape
  Line 112:83:   Unnecessary escape character: \.  no-useless-escape
  Line 113:32:   Unnecessary escape character: \-  no-useless-escape
  Line 113:46:   Unnecessary escape character: \-  no-useless-escape
  Line 113:48:   Unnecessary escape character: \/  no-useless-escape
  Line 113:50:   Unnecessary escape character: \.  no-useless-escape
  Line 113:61:   Unnecessary escape character: \-  no-useless-escape
  Line 113:63:   Unnecessary escape character: \/  no-useless-escape
  Line 113:65:   Unnecessary escape character: \.  no-useless-escape
  Line 114:30:   Unnecessary escape character: \/  no-useless-escape
  Line 114:34:   Unnecessary escape character: \.  no-useless-escape
  Line 114:53:   Unnecessary escape character: \/  no-useless-escape
  Line 114:57:   Unnecessary escape character: \.  no-useless-escape
  Line 125:20:   Unnecessary escape character: \-  no-useless-escape
  Line 125:43:   Unnecessary escape character: \.  no-useless-escape
  Line 125:45:   Unnecessary escape character: \,  no-useless-escape
  Line 125:47:   Unnecessary escape character: \-  no-useless-escape
  Line 126:61:   Unnecessary escape character: \-  no-useless-escape
  Line 126:84:   Unnecessary escape character: \.  no-useless-escape
  Line 126:86:   Unnecessary escape character: \,  no-useless-escape
  Line 132:34:   Unnecessary escape character: \-  no-useless-escape
  Line 149:65:   Unnecessary escape character: \-  no-useless-escape
  Line 150:26:   Unnecessary escape character: \-  no-useless-escape
  Line 155:23:   Unnecessary escape character: \-  no-useless-escape
  Line 155:46:   Unnecessary escape character: \-  no-useless-escape
  Line 156:19:   Unnecessary escape character: \-  no-useless-escape
  Line 156:42:   Unnecessary escape character: \-  no-useless-escape
  Line 166:62:   Unnecessary escape character: \-  no-useless-escape
  Line 168:45:   Unnecessary escape character: \-  no-useless-escape
  Line 173:43:   Unnecessary escape character: \-  no-useless-escape
  Line 173:59:   Unnecessary escape character: \/  no-useless-escape
  Line 173:61:   Unnecessary escape character: \-  no-useless-escape
  Line 174:47:   Unnecessary escape character: \-  no-useless-escape
  Line 174:63:   Unnecessary escape character: \/  no-useless-escape
  Line 174:65:   Unnecessary escape character: \-  no-useless-escape
  Line 175:36:   Unnecessary escape character: \-  no-useless-escape
  Line 175:52:   Unnecessary escape character: \/  no-useless-escape
  Line 175:54:   Unnecessary escape character: \-  no-useless-escape
  Line 180:49:   Unnecessary escape character: \-  no-useless-escape
  Line 180:65:   Unnecessary escape character: \-  no-useless-escape
  Line 180:67:   Unnecessary escape character: \/  no-useless-escape
  Line 180:69:   Unnecessary escape character: \.  no-useless-escape
  Line 180:80:   Unnecessary escape character: \-  no-useless-escape
  Line 180:82:   Unnecessary escape character: \/  no-useless-escape
  Line 180:84:   Unnecessary escape character: \.  no-useless-escape
  Line 181:19:   Unnecessary escape character: \-  no-useless-escape
  Line 181:35:   Unnecessary escape character: \-  no-useless-escape
  Line 181:37:   Unnecessary escape character: \/  no-useless-escape
  Line 181:39:   Unnecessary escape character: \.  no-useless-escape
  Line 181:50:   Unnecessary escape character: \-  no-useless-escape
  Line 181:52:   Unnecessary escape character: \/  no-useless-escape
  Line 181:54:   Unnecessary escape character: \.  no-useless-escape
  Line 184:68:   Unnecessary escape character: \-  no-useless-escape
  Line 184:84:   Unnecessary escape character: \-  no-useless-escape
  Line 184:86:   Unnecessary escape character: \/  no-useless-escape
  Line 184:88:   Unnecessary escape character: \.  no-useless-escape
  Line 184:99:   Unnecessary escape character: \-  no-useless-escape
  Line 184:101:  Unnecessary escape character: \/  no-useless-escape
  Line 184:103:  Unnecessary escape character: \.  no-useless-escape
  Line 189:27:   Unnecessary escape character: \-  no-useless-escape
  Line 192:28:   Unnecessary escape character: \-  no-useless-escape
  Line 195:20:   Unnecessary escape character: \-  no-useless-escape
  Line 374:31:   Unnecessary escape character: \-  no-useless-escape
  Line 384:31:   Unnecessary escape character: \/  no-useless-escape
  Line 384:33:   Unnecessary escape character: \.  no-useless-escape

src\components\ScholarshipChat\ScholarshipChat.js
  Line 95:10:  'unread' is assigned a value but never used  no-unused-vars

webpack compiled with 1 warning
Compiling...
Compiled with warnings.

[eslint] 
src\components\DocumentUpload\DocumentUpload.js
  Line 67:7:    'PROMPTS' is assigned a value but never used         no-unused-vars
  Line 103:10:  'maskText' is defined but never used                 no-unused-vars
  Line 110:29:  Unnecessary escape character: \-                     no-useless-escape
  Line 110:45:  Unnecessary escape character: \-                     no-useless-escape
  Line 310:10:  'safeScale' is defined but never used                no-unused-vars
  Line 388:10:  'hasCorrections' is assigned a value but never used  no-unused-vars

src\components\LocalAI\sgpBrain.js
  Line 1192:41:  'gender' is assigned a value but never used  no-unused-vars
  Line 1548:7:   'response' is constant                       no-const-assign

src\components\LocalAI\sgpDocAI.js
  Line 93:18:    Unnecessary escape character: \-  no-useless-escape
  Line 93:38:    Unnecessary escape character: \.  no-useless-escape
  Line 94:33:    Unnecessary escape character: \-  no-useless-escape
  Line 94:53:    Unnecessary escape character: \.  no-useless-escape
  Line 95:95:    Unnecessary escape character: \.  no-useless-escape
  Line 96:86:    Unnecessary escape character: \.  no-useless-escape
  Line 101:32:   Unnecessary escape character: \-  no-useless-escape
  Line 101:52:   Unnecessary escape character: \.  no-useless-escape
  Line 102:53:   Unnecessary escape character: \.  no-useless-escape
  Line 103:20:   Unnecessary escape character: \-  no-useless-escape
  Line 103:39:   Unnecessary escape character: \.  no-useless-escape
  Line 106:32:   Unnecessary escape character: \-  no-useless-escape
  Line 106:52:   Unnecessary escape character: \.  no-useless-escape
  Line 107:20:   Unnecessary escape character: \-  no-useless-escape
  Line 107:39:   Unnecessary escape character: \.  no-useless-escape
  Line 112:48:   Unnecessary escape character: \-  no-useless-escape
  Line 112:64:   Unnecessary escape character: \-  no-useless-escape
  Line 112:66:   Unnecessary escape character: \/  no-useless-escape
  Line 112:68:   Unnecessary escape character: \.  no-useless-escape
  Line 112:79:   Unnecessary escape character: \-  no-useless-escape
  Line 112:81:   Unnecessary escape character: \/  no-useless-escape
  Line 112:83:   Unnecessary escape character: \.  no-useless-escape
  Line 113:32:   Unnecessary escape character: \-  no-useless-escape
  Line 113:46:   Unnecessary escape character: \-  no-useless-escape
  Line 113:48:   Unnecessary escape character: \/  no-useless-escape
  Line 113:50:   Unnecessary escape character: \.  no-useless-escape
  Line 113:61:   Unnecessary escape character: \-  no-useless-escape
  Line 113:63:   Unnecessary escape character: \/  no-useless-escape
  Line 113:65:   Unnecessary escape character: \.  no-useless-escape
  Line 114:30:   Unnecessary escape character: \/  no-useless-escape
  Line 114:34:   Unnecessary escape character: \.  no-useless-escape
  Line 114:53:   Unnecessary escape character: \/  no-useless-escape
  Line 114:57:   Unnecessary escape character: \.  no-useless-escape
  Line 125:20:   Unnecessary escape character: \-  no-useless-escape
  Line 125:43:   Unnecessary escape character: \.  no-useless-escape
  Line 125:45:   Unnecessary escape character: \,  no-useless-escape
  Line 125:47:   Unnecessary escape character: \-  no-useless-escape
  Line 126:61:   Unnecessary escape character: \-  no-useless-escape
  Line 126:84:   Unnecessary escape character: \.  no-useless-escape
  Line 126:86:   Unnecessary escape character: \,  no-useless-escape
  Line 132:34:   Unnecessary escape character: \-  no-useless-escape
  Line 149:65:   Unnecessary escape character: \-  no-useless-escape
  Line 150:26:   Unnecessary escape character: \-  no-useless-escape
  Line 155:23:   Unnecessary escape character: \-  no-useless-escape
  Line 155:46:   Unnecessary escape character: \-  no-useless-escape
  Line 156:19:   Unnecessary escape character: \-  no-useless-escape
  Line 156:42:   Unnecessary escape character: \-  no-useless-escape
  Line 166:62:   Unnecessary escape character: \-  no-useless-escape
  Line 168:45:   Unnecessary escape character: \-  no-useless-escape
  Line 173:43:   Unnecessary escape character: \-  no-useless-escape
  Line 173:59:   Unnecessary escape character: \/  no-useless-escape
  Line 173:61:   Unnecessary escape character: \-  no-useless-escape
  Line 174:47:   Unnecessary escape character: \-  no-useless-escape
  Line 174:63:   Unnecessary escape character: \/  no-useless-escape
  Line 174:65:   Unnecessary escape character: \-  no-useless-escape
  Line 175:36:   Unnecessary escape character: \-  no-useless-escape
  Line 175:52:   Unnecessary escape character: \/  no-useless-escape
  Line 175:54:   Unnecessary escape character: \-  no-useless-escape
  Line 180:49:   Unnecessary escape character: \-  no-useless-escape
  Line 180:65:   Unnecessary escape character: \-  no-useless-escape
  Line 180:67:   Unnecessary escape character: \/  no-useless-escape
  Line 180:69:   Unnecessary escape character: \.  no-useless-escape
  Line 180:80:   Unnecessary escape character: \-  no-useless-escape
  Line 180:82:   Unnecessary escape character: \/  no-useless-escape
  Line 180:84:   Unnecessary escape character: \.  no-useless-escape
  Line 181:19:   Unnecessary escape character: \-  no-useless-escape
  Line 181:35:   Unnecessary escape character: \-  no-useless-escape
  Line 181:37:   Unnecessary escape character: \/  no-useless-escape
  Line 181:39:   Unnecessary escape character: \.  no-useless-escape
  Line 181:50:   Unnecessary escape character: \-  no-useless-escape
  Line 181:52:   Unnecessary escape character: \/  no-useless-escape
  Line 181:54:   Unnecessary escape character: \.  no-useless-escape
  Line 184:68:   Unnecessary escape character: \-  no-useless-escape
  Line 184:84:   Unnecessary escape character: \-  no-useless-escape
  Line 184:86:   Unnecessary escape character: \/  no-useless-escape
  Line 184:88:   Unnecessary escape character: \.  no-useless-escape
  Line 184:99:   Unnecessary escape character: \-  no-useless-escape
  Line 184:101:  Unnecessary escape character: \/  no-useless-escape
  Line 184:103:  Unnecessary escape character: \.  no-useless-escape
  Line 189:27:   Unnecessary escape character: \-  no-useless-escape
  Line 192:28:   Unnecessary escape character: \-  no-useless-escape
  Line 195:20:   Unnecessary escape character: \-  no-useless-escape
  Line 374:31:   Unnecessary escape character: \-  no-useless-escape
  Line 384:31:   Unnecessary escape character: \/  no-useless-escape
  Line 384:33:   Unnecessary escape character: \.  no-useless-escape

src\components\ScholarshipChat\ScholarshipChat.js
  Line 95:10:  'unread' is assigned a value but never used  no-unused-vars

Search for the keywords to learn more about each warning.
To ignore, add // eslint-disable-next-line to the line before.

WARNING in [eslint] 
src\components\DocumentUpload\DocumentUpload.js
  Line 67:7:    'PROMPTS' is assigned a value but never used         no-unused-vars
  Line 103:10:  'maskText' is defined but never used                 no-unused-vars
  Line 110:29:  Unnecessary escape character: \-                     no-useless-escape
  Line 110:45:  Unnecessary escape character: \-                     no-useless-escape
  Line 310:10:  'safeScale' is defined but never used                no-unused-vars
  Line 388:10:  'hasCorrections' is assigned a value but never used  no-unused-vars

src\components\LocalAI\sgpBrain.js
  Line 1192:41:  'gender' is assigned a value but never used  no-unused-vars
  Line 1548:7:   'response' is constant                       no-const-assign

src\components\LocalAI\sgpDocAI.js
  Line 93:18:    Unnecessary escape character: \-  no-useless-escape
  Line 93:38:    Unnecessary escape character: \.  no-useless-escape
  Line 94:33:    Unnecessary escape character: \-  no-useless-escape
  Line 94:53:    Unnecessary escape character: \.  no-useless-escape
  Line 95:95:    Unnecessary escape character: \.  no-useless-escape
  Line 96:86:    Unnecessary escape character: \.  no-useless-escape
  Line 101:32:   Unnecessary escape character: \-  no-useless-escape
  Line 101:52:   Unnecessary escape character: \.  no-useless-escape
  Line 102:53:   Unnecessary escape character: \.  no-useless-escape
  Line 103:20:   Unnecessary escape character: \-  no-useless-escape
  Line 103:39:   Unnecessary escape character: \.  no-useless-escape
  Line 106:32:   Unnecessary escape character: \-  no-useless-escape
  Line 106:52:   Unnecessary escape character: \.  no-useless-escape
  Line 107:20:   Unnecessary escape character: \-  no-useless-escape
  Line 107:39:   Unnecessary escape character: \.  no-useless-escape
  Line 112:48:   Unnecessary escape character: \-  no-useless-escape
  Line 112:64:   Unnecessary escape character: \-  no-useless-escape
  Line 112:66:   Unnecessary escape character: \/  no-useless-escape
  Line 112:68:   Unnecessary escape character: \.  no-useless-escape
  Line 112:79:   Unnecessary escape character: \-  no-useless-escape
  Line 112:81:   Unnecessary escape character: \/  no-useless-escape
  Line 112:83:   Unnecessary escape character: \.  no-useless-escape
  Line 113:32:   Unnecessary escape character: \-  no-useless-escape
  Line 113:46:   Unnecessary escape character: \-  no-useless-escape
  Line 113:48:   Unnecessary escape character: \/  no-useless-escape
  Line 113:50:   Unnecessary escape character: \.  no-useless-escape
  Line 113:61:   Unnecessary escape character: \-  no-useless-escape
  Line 113:63:   Unnecessary escape character: \/  no-useless-escape
  Line 113:65:   Unnecessary escape character: \.  no-useless-escape
  Line 114:30:   Unnecessary escape character: \/  no-useless-escape
  Line 114:34:   Unnecessary escape character: \.  no-useless-escape
  Line 114:53:   Unnecessary escape character: \/  no-useless-escape
  Line 114:57:   Unnecessary escape character: \.  no-useless-escape
  Line 125:20:   Unnecessary escape character: \-  no-useless-escape
  Line 125:43:   Unnecessary escape character: \.  no-useless-escape
  Line 125:45:   Unnecessary escape character: \,  no-useless-escape
  Line 125:47:   Unnecessary escape character: \-  no-useless-escape
  Line 126:61:   Unnecessary escape character: \-  no-useless-escape
  Line 126:84:   Unnecessary escape character: \.  no-useless-escape
  Line 126:86:   Unnecessary escape character: \,  no-useless-escape
  Line 132:34:   Unnecessary escape character: \-  no-useless-escape
  Line 149:65:   Unnecessary escape character: \-  no-useless-escape
  Line 150:26:   Unnecessary escape character: \-  no-useless-escape
  Line 155:23:   Unnecessary escape character: \-  no-useless-escape
  Line 155:46:   Unnecessary escape character: \-  no-useless-escape
  Line 156:19:   Unnecessary escape character: \-  no-useless-escape
  Line 156:42:   Unnecessary escape character: \-  no-useless-escape
  Line 166:62:   Unnecessary escape character: \-  no-useless-escape
  Line 168:45:   Unnecessary escape character: \-  no-useless-escape
  Line 173:43:   Unnecessary escape character: \-  no-useless-escape
  Line 173:59:   Unnecessary escape character: \/  no-useless-escape
  Line 173:61:   Unnecessary escape character: \-  no-useless-escape
  Line 174:47:   Unnecessary escape character: \-  no-useless-escape
  Line 174:63:   Unnecessary escape character: \/  no-useless-escape
  Line 174:65:   Unnecessary escape character: \-  no-useless-escape
  Line 175:36:   Unnecessary escape character: \-  no-useless-escape
  Line 175:52:   Unnecessary escape character: \/  no-useless-escape
  Line 175:54:   Unnecessary escape character: \-  no-useless-escape
  Line 180:49:   Unnecessary escape character: \-  no-useless-escape
  Line 180:65:   Unnecessary escape character: \-  no-useless-escape
  Line 180:67:   Unnecessary escape character: \/  no-useless-escape
  Line 180:69:   Unnecessary escape character: \.  no-useless-escape
  Line 180:80:   Unnecessary escape character: \-  no-useless-escape
  Line 180:82:   Unnecessary escape character: \/  no-useless-escape
  Line 180:84:   Unnecessary escape character: \.  no-useless-escape
  Line 181:19:   Unnecessary escape character: \-  no-useless-escape
  Line 181:35:   Unnecessary escape character: \-  no-useless-escape
  Line 181:37:   Unnecessary escape character: \/  no-useless-escape
  Line 181:39:   Unnecessary escape character: \.  no-useless-escape
  Line 181:50:   Unnecessary escape character: \-  no-useless-escape
  Line 181:52:   Unnecessary escape character: \/  no-useless-escape
  Line 181:54:   Unnecessary escape character: \.  no-useless-escape
  Line 184:68:   Unnecessary escape character: \-  no-useless-escape
  Line 184:84:   Unnecessary escape character: \-  no-useless-escape
  Line 184:86:   Unnecessary escape character: \/  no-useless-escape
  Line 184:88:   Unnecessary escape character: \.  no-useless-escape
  Line 184:99:   Unnecessary escape character: \-  no-useless-escape
  Line 184:101:  Unnecessary escape character: \/  no-useless-escape
  Line 184:103:  Unnecessary escape character: \.  no-useless-escape
  Line 189:27:   Unnecessary escape character: \-  no-useless-escape
  Line 192:28:   Unnecessary escape character: \-  no-useless-escape
  Line 195:20:   Unnecessary escape character: \-  no-useless-escape
  Line 374:31:   Unnecessary escape character: \-  no-useless-escape
  Line 384:31:   Unnecessary escape character: \/  no-useless-escape
  Line 384:33:   Unnecessary escape character: \.  no-useless-escape

src\components\ScholarshipChat\ScholarshipChat.js
  Line 95:10:  'unread' is assigned a value but never used  no-unused-vars

webpack compiled with 1 warning
Compiling...
Compiled with warnings.

[eslint] 
src\components\DocumentUpload\DocumentUpload.js
  Line 67:7:    'PROMPTS' is assigned a value but never used         no-unused-vars
  Line 103:10:  'maskText' is defined but never used                 no-unused-vars
  Line 110:29:  Unnecessary escape character: \-                     no-useless-escape
  Line 110:45:  Unnecessary escape character: \-                     no-useless-escape
  Line 310:10:  'safeScale' is defined but never used                no-unused-vars
  Line 388:10:  'hasCorrections' is assigned a value but never used  no-unused-vars

src\components\LocalAI\sgpBrain.js
  Line 1192:41:  'gender' is assigned a value but never used  no-unused-vars
  Line 1548:7:   'response' is constant                       no-const-assign

src\components\LocalAI\sgpDocAI.js
  Line 93:18:    Unnecessary escape character: \-  no-useless-escape
  Line 93:38:    Unnecessary escape character: \.  no-useless-escape
  Line 94:33:    Unnecessary escape character: \-  no-useless-escape
  Line 94:53:    Unnecessary escape character: \.  no-useless-escape
  Line 95:95:    Unnecessary escape character: \.  no-useless-escape
  Line 96:86:    Unnecessary escape character: \.  no-useless-escape
  Line 101:32:   Unnecessary escape character: \-  no-useless-escape
  Line 101:52:   Unnecessary escape character: \.  no-useless-escape
  Line 102:53:   Unnecessary escape character: \.  no-useless-escape
  Line 103:20:   Unnecessary escape character: \-  no-useless-escape
  Line 103:39:   Unnecessary escape character: \.  no-useless-escape
  Line 106:32:   Unnecessary escape character: \-  no-useless-escape
  Line 106:52:   Unnecessary escape character: \.  no-useless-escape
  Line 107:20:   Unnecessary escape character: \-  no-useless-escape
  Line 107:39:   Unnecessary escape character: \.  no-useless-escape
  Line 112:48:   Unnecessary escape character: \-  no-useless-escape
  Line 112:64:   Unnecessary escape character: \-  no-useless-escape
  Line 112:66:   Unnecessary escape character: \/  no-useless-escape
  Line 112:68:   Unnecessary escape character: \.  no-useless-escape
  Line 112:79:   Unnecessary escape character: \-  no-useless-escape
  Line 112:81:   Unnecessary escape character: \/  no-useless-escape
  Line 112:83:   Unnecessary escape character: \.  no-useless-escape
  Line 113:32:   Unnecessary escape character: \-  no-useless-escape
  Line 113:46:   Unnecessary escape character: \-  no-useless-escape
  Line 113:48:   Unnecessary escape character: \/  no-useless-escape
  Line 113:50:   Unnecessary escape character: \.  no-useless-escape
  Line 113:61:   Unnecessary escape character: \-  no-useless-escape
  Line 113:63:   Unnecessary escape character: \/  no-useless-escape
  Line 113:65:   Unnecessary escape character: \.  no-useless-escape
  Line 114:30:   Unnecessary escape character: \/  no-useless-escape
  Line 114:34:   Unnecessary escape character: \.  no-useless-escape
  Line 114:53:   Unnecessary escape character: \/  no-useless-escape
  Line 114:57:   Unnecessary escape character: \.  no-useless-escape
  Line 125:20:   Unnecessary escape character: \-  no-useless-escape
  Line 125:43:   Unnecessary escape character: \.  no-useless-escape
  Line 125:45:   Unnecessary escape character: \,  no-useless-escape
  Line 125:47:   Unnecessary escape character: \-  no-useless-escape
  Line 126:61:   Unnecessary escape character: \-  no-useless-escape
  Line 126:84:   Unnecessary escape character: \.  no-useless-escape
  Line 126:86:   Unnecessary escape character: \,  no-useless-escape
  Line 132:34:   Unnecessary escape character: \-  no-useless-escape
  Line 149:65:   Unnecessary escape character: \-  no-useless-escape
  Line 150:26:   Unnecessary escape character: \-  no-useless-escape
  Line 155:23:   Unnecessary escape character: \-  no-useless-escape
  Line 155:46:   Unnecessary escape character: \-  no-useless-escape
  Line 156:19:   Unnecessary escape character: \-  no-useless-escape
  Line 156:42:   Unnecessary escape character: \-  no-useless-escape
  Line 166:62:   Unnecessary escape character: \-  no-useless-escape
  Line 168:45:   Unnecessary escape character: \-  no-useless-escape
  Line 173:43:   Unnecessary escape character: \-  no-useless-escape
  Line 173:59:   Unnecessary escape character: \/  no-useless-escape
  Line 173:61:   Unnecessary escape character: \-  no-useless-escape
  Line 174:47:   Unnecessary escape character: \-  no-useless-escape
  Line 174:63:   Unnecessary escape character: \/  no-useless-escape
  Line 174:65:   Unnecessary escape character: \-  no-useless-escape
  Line 175:36:   Unnecessary escape character: \-  no-useless-escape
  Line 175:52:   Unnecessary escape character: \/  no-useless-escape
  Line 175:54:   Unnecessary escape character: \-  no-useless-escape
  Line 180:49:   Unnecessary escape character: \-  no-useless-escape
  Line 180:65:   Unnecessary escape character: \-  no-useless-escape
  Line 180:67:   Unnecessary escape character: \/  no-useless-escape
  Line 180:69:   Unnecessary escape character: \.  no-useless-escape
  Line 180:80:   Unnecessary escape character: \-  no-useless-escape
  Line 180:82:   Unnecessary escape character: \/  no-useless-escape
  Line 180:84:   Unnecessary escape character: \.  no-useless-escape
  Line 181:19:   Unnecessary escape character: \-  no-useless-escape
  Line 181:35:   Unnecessary escape character: \-  no-useless-escape
  Line 181:37:   Unnecessary escape character: \/  no-useless-escape
  Line 181:39:   Unnecessary escape character: \.  no-useless-escape
  Line 181:50:   Unnecessary escape character: \-  no-useless-escape
  Line 181:52:   Unnecessary escape character: \/  no-useless-escape
  Line 181:54:   Unnecessary escape character: \.  no-useless-escape
  Line 184:68:   Unnecessary escape character: \-  no-useless-escape
  Line 184:84:   Unnecessary escape character: \-  no-useless-escape
  Line 184:86:   Unnecessary escape character: \/  no-useless-escape
  Line 184:88:   Unnecessary escape character: \.  no-useless-escape
  Line 184:99:   Unnecessary escape character: \-  no-useless-escape
  Line 184:101:  Unnecessary escape character: \/  no-useless-escape
  Line 184:103:  Unnecessary escape character: \.  no-useless-escape
  Line 189:27:   Unnecessary escape character: \-  no-useless-escape
  Line 192:28:   Unnecessary escape character: \-  no-useless-escape
  Line 195:20:   Unnecessary escape character: \-  no-useless-escape
  Line 374:31:   Unnecessary escape character: \-  no-useless-escape
  Line 384:31:   Unnecessary escape character: \/  no-useless-escape
  Line 384:33:   Unnecessary escape character: \.  no-useless-escape

src\components\ScholarshipChat\ScholarshipChat.js
  Line 95:10:  'unread' is assigned a value but never used  no-unused-vars

Search for the keywords to learn more about each warning.
To ignore, add // eslint-disable-next-line to the line before.

WARNING in [eslint] 
src\components\DocumentUpload\DocumentUpload.js
  Line 67:7:    'PROMPTS' is assigned a value but never used         no-unused-vars
  Line 103:10:  'maskText' is defined but never used                 no-unused-vars
  Line 110:29:  Unnecessary escape character: \-                     no-useless-escape
  Line 110:45:  Unnecessary escape character: \-                     no-useless-escape
  Line 310:10:  'safeScale' is defined but never used                no-unused-vars
  Line 388:10:  'hasCorrections' is assigned a value but never used  no-unused-vars

src\components\LocalAI\sgpBrain.js
  Line 1192:41:  'gender' is assigned a value but never used  no-unused-vars
  Line 1548:7:   'response' is constant                       no-const-assign

src\components\LocalAI\sgpDocAI.js
  Line 93:18:    Unnecessary escape character: \-  no-useless-escape
  Line 93:38:    Unnecessary escape character: \.  no-useless-escape
  Line 94:33:    Unnecessary escape character: \-  no-useless-escape
  Line 94:53:    Unnecessary escape character: \.  no-useless-escape
  Line 95:95:    Unnecessary escape character: \.  no-useless-escape
  Line 96:86:    Unnecessary escape character: \.  no-useless-escape
  Line 101:32:   Unnecessary escape character: \-  no-useless-escape
  Line 101:52:   Unnecessary escape character: \.  no-useless-escape
  Line 102:53:   Unnecessary escape character: \.  no-useless-escape
  Line 103:20:   Unnecessary escape character: \-  no-useless-escape
  Line 103:39:   Unnecessary escape character: \.  no-useless-escape
  Line 106:32:   Unnecessary escape character: \-  no-useless-escape
  Line 106:52:   Unnecessary escape character: \.  no-useless-escape
  Line 107:20:   Unnecessary escape character: \-  no-useless-escape
  Line 107:39:   Unnecessary escape character: \.  no-useless-escape
  Line 112:48:   Unnecessary escape character: \-  no-useless-escape
  Line 112:64:   Unnecessary escape character: \-  no-useless-escape
  Line 112:66:   Unnecessary escape character: \/  no-useless-escape
  Line 112:68:   Unnecessary escape character: \.  no-useless-escape
  Line 112:79:   Unnecessary escape character: \-  no-useless-escape
  Line 112:81:   Unnecessary escape character: \/  no-useless-escape
  Line 112:83:   Unnecessary escape character: \.  no-useless-escape
  Line 113:32:   Unnecessary escape character: \-  no-useless-escape
  Line 113:46:   Unnecessary escape character: \-  no-useless-escape
  Line 113:48:   Unnecessary escape character: \/  no-useless-escape
  Line 113:50:   Unnecessary escape character: \.  no-useless-escape
  Line 113:61:   Unnecessary escape character: \-  no-useless-escape
  Line 113:63:   Unnecessary escape character: \/  no-useless-escape
  Line 113:65:   Unnecessary escape character: \.  no-useless-escape
  Line 114:30:   Unnecessary escape character: \/  no-useless-escape
  Line 114:34:   Unnecessary escape character: \.  no-useless-escape
  Line 114:53:   Unnecessary escape character: \/  no-useless-escape
  Line 114:57:   Unnecessary escape character: \.  no-useless-escape
  Line 125:20:   Unnecessary escape character: \-  no-useless-escape
  Line 125:43:   Unnecessary escape character: \.  no-useless-escape
  Line 125:45:   Unnecessary escape character: \,  no-useless-escape
  Line 125:47:   Unnecessary escape character: \-  no-useless-escape
  Line 126:61:   Unnecessary escape character: \-  no-useless-escape
  Line 126:84:   Unnecessary escape character: \.  no-useless-escape
  Line 126:86:   Unnecessary escape character: \,  no-useless-escape
  Line 132:34:   Unnecessary escape character: \-  no-useless-escape
  Line 149:65:   Unnecessary escape character: \-  no-useless-escape
  Line 150:26:   Unnecessary escape character: \-  no-useless-escape
  Line 155:23:   Unnecessary escape character: \-  no-useless-escape
  Line 155:46:   Unnecessary escape character: \-  no-useless-escape
  Line 156:19:   Unnecessary escape character: \-  no-useless-escape
  Line 156:42:   Unnecessary escape character: \-  no-useless-escape
  Line 166:62:   Unnecessary escape character: \-  no-useless-escape
  Line 168:45:   Unnecessary escape character: \-  no-useless-escape
  Line 173:43:   Unnecessary escape character: \-  no-useless-escape
  Line 173:59:   Unnecessary escape character: \/  no-useless-escape
  Line 173:61:   Unnecessary escape character: \-  no-useless-escape
  Line 174:47:   Unnecessary escape character: \-  no-useless-escape
  Line 174:63:   Unnecessary escape character: \/  no-useless-escape
  Line 174:65:   Unnecessary escape character: \-  no-useless-escape
  Line 175:36:   Unnecessary escape character: \-  no-useless-escape
  Line 175:52:   Unnecessary escape character: \/  no-useless-escape
  Line 175:54:   Unnecessary escape character: \-  no-useless-escape
  Line 180:49:   Unnecessary escape character: \-  no-useless-escape
  Line 180:65:   Unnecessary escape character: \-  no-useless-escape
  Line 180:67:   Unnecessary escape character: \/  no-useless-escape
  Line 180:69:   Unnecessary escape character: \.  no-useless-escape
  Line 180:80:   Unnecessary escape character: \-  no-useless-escape
  Line 180:82:   Unnecessary escape character: \/  no-useless-escape
  Line 180:84:   Unnecessary escape character: \.  no-useless-escape
  Line 181:19:   Unnecessary escape character: \-  no-useless-escape
  Line 181:35:   Unnecessary escape character: \-  no-useless-escape
  Line 181:37:   Unnecessary escape character: \/  no-useless-escape
  Line 181:39:   Unnecessary escape character: \.  no-useless-escape
  Line 181:50:   Unnecessary escape character: \-  no-useless-escape
  Line 181:52:   Unnecessary escape character: \/  no-useless-escape
  Line 181:54:   Unnecessary escape character: \.  no-useless-escape
  Line 184:68:   Unnecessary escape character: \-  no-useless-escape
  Line 184:84:   Unnecessary escape character: \-  no-useless-escape
  Line 184:86:   Unnecessary escape character: \/  no-useless-escape
  Line 184:88:   Unnecessary escape character: \.  no-useless-escape
  Line 184:99:   Unnecessary escape character: \-  no-useless-escape
  Line 184:101:  Unnecessary escape character: \/  no-useless-escape
  Line 184:103:  Unnecessary escape character: \.  no-useless-escape
  Line 189:27:   Unnecessary escape character: \-  no-useless-escape
  Line 192:28:   Unnecessary escape character: \-  no-useless-escape
  Line 195:20:   Unnecessary escape character: \-  no-useless-escape
  Line 374:31:   Unnecessary escape character: \-  no-useless-escape
  Line 384:31:   Unnecessary escape character: \/  no-useless-escape
  Line 384:33:   Unnecessary escape character: \.  no-useless-escape

src\components\ScholarshipChat\ScholarshipChat.js
  Line 95:10:  'unread' is assigned a value but never used  no-unused-vars

webpack compiled with 1 warning
